{
  "ws": [
    {
      "ws": " ",
      "i": 9,
      "text": "\u003d",
      "static": true
    },
    {
      "ws": "",
      "i": 12,
      "text": ";",
      "static": true
    }
  ],
  "position": {
    "startColumn": 1,
    "startLine": 2,
    "endColumn": 6,
    "endLine": 2
  },
  "variables": [
    {
      "ws": [
        {
          "ws": "\n",
          "i": 7,
          "text": "a",
          "static": false
        }
      ],
      "position": {
        "startColumn": 1,
        "startLine": 2,
        "endColumn": 1,
        "endLine": 2
      },
      "variableName": {
        "literal": false,
        "value": "a",
        "kind": "Identifier"
      },
      "packageAlias": {
        "literal": false,
        "value": "",
        "kind": "Identifier"
      },
      "kind": "SimpleVariableRef"
    }
  ],
  "expression": {
    "ws": [
      {
        "ws": " ",
        "i": 11,
        "text": "b",
        "static": false
      }
    ],
    "position": {
      "startColumn": 5,
      "startLine": 2,
      "endColumn": 5,
      "endLine": 2
    },
    "variableName": {
      "literal": false,
      "value": "b",
      "kind": "Identifier"
    },
    "packageAlias": {
      "literal": false,
      "value": "",
      "kind": "Identifier"
    },
    "kind": "SimpleVariableRef"
  },
  "declaredWithVar": false,
  "kind": "Assignment"
}