{
  "ws": [
    {
      "ws": "",
      "i": 21,
      "text": ";",
      "static": true
    }
  ],
  "position": {
    "startColumn": 25,
    "startLine": 1,
    "endColumn": 21,
    "endLine": 2
  },
  "variable": {
    "ws": [
      {
        "ws": " ",
        "i": 8,
        "text": "val",
        "static": false
      },
      {
        "ws": " ",
        "i": 10,
        "text": "\u003d",
        "static": true
      }
    ],
    "position": {
      "startColumn": 25,
      "startLine": 1,
      "endColumn": 21,
      "endLine": 2
    },
    "typeNode": {
      "ws": [
        {
          "ws": "",
          "i": 6,
          "text": "any",
          "static": true
        }
      ],
      "position": {
        "startColumn": 25,
        "startLine": 1,
        "endColumn": 25,
        "endLine": 1
      },
      "typeKind": "any",
      "kind": "ValueType"
    },
    "annotationAttachments": [],
    "name": {
      "literal": false,
      "value": "val",
      "kind": "Identifier"
    },
    "initialExpression": {
      "ws": [
        {
          "ws": "\n",
          "i": 12,
          "text": "test",
          "static": false
        },
        {
          "ws": "",
          "i": 13,
          "text": ":",
          "static": true
        },
        {
          "ws": "",
          "i": 14,
          "text": "function1",
          "static": false
        },
        {
          "ws": "",
          "i": 15,
          "text": "(",
          "static": true
        },
        {
          "ws": "",
          "i": 17,
          "text": ",",
          "static": true
        },
        {
          "ws": "",
          "i": 20,
          "text": ")",
          "static": true
        }
      ],
      "position": {
        "startColumn": 1,
        "startLine": 2,
        "endColumn": 20,
        "endLine": 2
      },
      "argumentExpressions": [
        {
          "ws": [
            {
              "ws": "",
              "i": 16,
              "text": "a",
              "static": false
            }
          ],
          "position": {
            "startColumn": 16,
            "startLine": 2,
            "endColumn": 16,
            "endLine": 2
          },
          "variableName": {
            "literal": false,
            "value": "a",
            "kind": "Identifier"
          },
          "packageAlias": {
            "literal": false,
            "value": "",
            "kind": "Identifier"
          },
          "kind": "SimpleVariableRef"
        },
        {
          "ws": [
            {
              "ws": " ",
              "i": 19,
              "text": "b",
              "static": false
            }
          ],
          "position": {
            "startColumn": 19,
            "startLine": 2,
            "endColumn": 19,
            "endLine": 2
          },
          "variableName": {
            "literal": false,
            "value": "b",
            "kind": "Identifier"
          },
          "packageAlias": {
            "literal": false,
            "value": "",
            "kind": "Identifier"
          },
          "kind": "SimpleVariableRef"
        }
      ],
      "packageAlias": {
        "literal": false,
        "value": "test",
        "kind": "Identifier"
      },
      "name": {
        "literal": false,
        "value": "function1",
        "kind": "Identifier"
      },
      "kind": "Invocation"
    },
    "kind": "Variable",
    "public": false,
    "native": false,
    "const": false,
    "lambda": false,
    "parallel": false,
    "connector": false
  },
  "kind": "VariableDef"
}