{
  "ws": [
    {
      "ws": "\n",
      "i": 7,
      "text": "fork",
      "static": true
    },
    {
      "ws": "",
      "i": 8,
      "text": "{",
      "static": true
    },
    {
      "ws": "\n",
      "i": 10,
      "text": "}",
      "static": true
    },
    {
      "ws": " ",
      "i": 12,
      "text": "join",
      "static": true
    },
    {
      "ws": "",
      "i": 13,
      "text": "(",
      "static": true
    },
    {
      "ws": "",
      "i": 14,
      "text": "all",
      "static": true
    },
    {
      "ws": " ",
      "i": 16,
      "text": "workerA",
      "static": false
    },
    {
      "ws": "",
      "i": 17,
      "text": ",",
      "static": true
    },
    {
      "ws": " ",
      "i": 19,
      "text": "workerB",
      "static": false
    },
    {
      "ws": "",
      "i": 20,
      "text": ")",
      "static": true
    },
    {
      "ws": "",
      "i": 21,
      "text": "(",
      "static": true
    },
    {
      "ws": "",
      "i": 25,
      "text": ")",
      "static": true
    },
    {
      "ws": "",
      "i": 26,
      "text": "{",
      "static": true
    },
    {
      "ws": "\n",
      "i": 28,
      "text": "}",
      "static": true
    }
  ],
  "position": {
    "startColumn": 1,
    "startLine": 2,
    "endColumn": 1,
    "endLine": 4
  },
  "joinType": "all",
  "workers": [],
  "joinResultVar": {
    "ws": [
      {
        "ws": " ",
        "i": 24,
        "text": "param",
        "static": false
      }
    ],
    "position": {
      "startColumn": 30,
      "startLine": 3,
      "endColumn": 30,
      "endLine": 3
    },
    "typeNode": {
      "ws": [
        {
          "ws": "",
          "i": 22,
          "text": "map",
          "static": true
        }
      ],
      "position": {
        "startColumn": 30,
        "startLine": 3,
        "endColumn": 30,
        "endLine": 3
      },
      "typeKind": "map",
      "kind": "BuiltInRefType"
    },
    "annotationAttachments": [],
    "name": {
      "literal": false,
      "value": "param",
      "kind": "Identifier"
    },
    "kind": "Variable",
    "public": false,
    "native": false,
    "const": false,
    "lambda": false,
    "parallel": false,
    "connector": false
  },
  "joinedWorkerIdentifiers": [
    {
      "literal": false,
      "value": "workerA",
      "kind": "Identifier"
    },
    {
      "literal": false,
      "value": "workerB",
      "kind": "Identifier"
    }
  ],
  "joinBody": {
    "statements": [],
    "kind": "Block"
  },
  "kind": "ForkJoin",
  "joinCount": -1
}