{
  "ws": [
    {
      "ws": "\n",
      "i": 7,
      "text": "fork",
      "static": true
    },
    {
      "ws": "",
      "i": 8,
      "text": "{",
      "static": true
    },
    {
      "ws": "\n",
      "i": 10,
      "text": "}",
      "static": true
    },
    {
      "ws": " ",
      "i": 12,
      "text": "join",
      "static": true
    },
    {
      "ws": "",
      "i": 13,
      "text": "(",
      "static": true
    },
    {
      "ws": "",
      "i": 14,
      "text": "some",
      "static": true
    },
    {
      "ws": " ",
      "i": 16,
      "text": "1",
      "static": false
    },
    {
      "ws": " ",
      "i": 18,
      "text": "Worker1",
      "static": false
    },
    {
      "ws": "",
      "i": 19,
      "text": ",",
      "static": true
    },
    {
      "ws": " ",
      "i": 21,
      "text": "Worker2",
      "static": false
    },
    {
      "ws": "",
      "i": 22,
      "text": ")",
      "static": true
    },
    {
      "ws": "",
      "i": 23,
      "text": "(",
      "static": true
    },
    {
      "ws": "",
      "i": 27,
      "text": ")",
      "static": true
    },
    {
      "ws": "",
      "i": 28,
      "text": "{",
      "static": true
    },
    {
      "ws": "\n",
      "i": 30,
      "text": "}",
      "static": true
    }
  ],
  "position": {
    "startColumn": 1,
    "startLine": 2,
    "endColumn": 1,
    "endLine": 4
  },
  "joinType": "some",
  "workers": [],
  "joinResultVar": {
    "ws": [
      {
        "ws": " ",
        "i": 26,
        "text": "param",
        "static": false
      }
    ],
    "position": {
      "startColumn": 33,
      "startLine": 3,
      "endColumn": 33,
      "endLine": 3
    },
    "typeNode": {
      "ws": [
        {
          "ws": "",
          "i": 24,
          "text": "map",
          "static": true
        }
      ],
      "position": {
        "startColumn": 33,
        "startLine": 3,
        "endColumn": 33,
        "endLine": 3
      },
      "typeKind": "map",
      "kind": "BuiltInRefType"
    },
    "annotationAttachments": [],
    "name": {
      "literal": false,
      "value": "param",
      "kind": "Identifier"
    },
    "kind": "Variable",
    "public": false,
    "native": false,
    "const": false,
    "lambda": false,
    "parallel": false,
    "connector": false
  },
  "joinedWorkerIdentifiers": [
    {
      "literal": false,
      "value": "Worker1",
      "kind": "Identifier"
    },
    {
      "literal": false,
      "value": "Worker2",
      "kind": "Identifier"
    }
  ],
  "joinBody": {
    "statements": [],
    "kind": "Block"
  },
  "kind": "ForkJoin",
  "joinCount": 1
}